Looking in indexes: https://pypi.tuna.tsinghua.edu.cn/simple
Collecting pandas==3.0.5 (from -r requirements.txt (line 3))
  Downloading pandas-3.0.5-cp313-cp313-win_amd64.whl (9.8 MB)
     ---------------------------------------- 9.8/9.8 MB 4.3 MB/s  0:00:03
Collecting numpy==2.5.3 (from -r requirements.txt (line 4))
  Downloading numpy-2.5.3-cp313-cp313-win_amd64.whl (12.6 MB)
     ---------------------------------------- 12.6/12.6 MB 6.8 MB/s  0:00:01
Collecting scikit-learn==1.9.1 (from -r requirements.txt (line 5))
  Downloading scikit_learn-1.9.1-cp313-cp313-win_amd64.whl (8.2 MB)
     ---------------------------------------- 8.2/8.2 MB 7.4 MB/s  0:00:01
Collecting scipy==1.18.1 (from -r requirements.txt (line 6))
  Downloading scipy-1.18.1-cp313-cp313-win_amd64.whl (36.6 MB)
     ---------------------------------------- 36.6/36.6 MB 7.4 MB/s  0:00:04
Collecting matplotlib==3.11.2 (from -r requirements.txt (line 7))
  Downloading matplotlib-3.11.2-cp313-cp313-win_amd64.whl (9.3 MB)
     ---------------------------------------- 9.3/9.3 MB 5.6 MB/s  0:00:01
Collecting seaborn==0.13.2 (from -r requirements.txt (line 8))
  Using cached seaborn-0.13.2-py3-none-any.whl (294 kB)
Collecting PyMySQL==1.2.0 (from -r requirements.txt (line 9))
  Using cached pymysql-1.2.0-py3-none-any.whl (45 kB)
Collecting cryptography==50.0.1 (from -r requirements.txt (line 10))
  Using cached cryptography-50.0.1-cp311-abi3-win_amd64.whl (3.8 MB)
Collecting Flask==3.1.3 (from -r requirements.txt (line 11))
  Using cached flask-3.1.3-py3-none-any.whl (103 kB)
Collecting joblib==1.6.0 (from -r requirements.txt (line 12))
  Using cached joblib-1.6.0-py3-none-any.whl (306 kB)
Collecting openpyxl==3.1.5 (from -r requirements.txt (line 13))
  Using cached openpyxl-3.1.5-py2.py3-none-any.whl (250 kB)
Collecting requests==2.34.2 (from -r requirements.txt (line 14))
  Using cached requests-2.34.2-py3-none-any.whl (73 kB)
Collecting python-dateutil>=2.8.2 (from pandas==3.0.5->-r requirements.txt (line 3))
  Using cached python_dateutil-2.9.0.post0-py2.py3-none-any.whl (229 kB)
Collecting tzdata (from pandas==3.0.5->-r requirements.txt (line 3))
  Using cached tzdata-2026.4-py2.py3-none-any.whl (347 kB)
Collecting narwhals>=2.0.1 (from scikit-learn==1.9.1->-r requirements.txt (line 5))
  Using cached narwhals-2.26.0-py3-none-any.whl (474 kB)
Collecting threadpoolctl>=3.5.0 (from scikit-learn==1.9.1->-r requirements.txt (line 5))
  Using cached threadpoolctl-3.7.0-py3-none-any.whl (26 kB)
Collecting contourpy>=1.0.1 (from matplotlib==3.11.2->-r requirements.txt (line 7))
  Downloading contourpy-1.4.0-cp313-cp313-win_amd64.whl (234 kB)
Collecting cycler>=0.10 (from matplotlib==3.11.2->-r requirements.txt (line 7))
  Using cached cycler-0.12.1-py3-none-any.whl (8.3 kB)
Collecting fonttools>=4.28.2 (from matplotlib==3.11.2->-r requirements.txt (line 7))
  Downloading fonttools-4.65.0-cp313-cp313-win_amd64.whl (2.5 MB)
     ---------------------------------------- 2.5/2.5 MB 24.3 MB/s  0:00:00
Collecting kiwisolver>=1.3.1 (from matplotlib==3.11.2->-r requirements.txt (line 7))
  Downloading kiwisolver-1.5.1-cp313-cp313-win_amd64.whl (70 kB)
Collecting packaging>=20.0 (from matplotlib==3.11.2->-r requirements.txt (line 7))
  Using cached packaging-26.3-py3-none-any.whl (129 kB)
Collecting pillow>=9 (from matplotlib==3.11.2->-r requirements.txt (line 7))
  Downloading pillow-12.3.0-cp313-cp313-win_amd64.whl (7.2 MB)
     ---------------------------------------- 7.2/7.2 MB 14.5 MB/s  0:00:00
Collecting pyparsing>=3 (from matplotlib==3.11.2->-r requirements.txt (line 7))
  Using cached pyparsing-3.3.2-py3-none-any.whl (122 kB)
Collecting cffi>=2.0.0 (from cryptography==50.0.1->-r requirements.txt (line 10))
  Downloading cffi-2.1.1-cp313-cp313-win_amd64.whl (185 kB)
Collecting blinker>=1.9.0 (from Flask==3.1.3->-r requirements.txt (line 11))
  Using cached blinker-1.9.0-py3-none-any.whl (8.5 kB)
Collecting click>=8.1.3 (from Flask==3.1.3->-r requirements.txt (line 11))
  Using cached click-8.5.0-py3-none-any.whl (125 kB)
Collecting itsdangerous>=2.2.0 (from Flask==3.1.3->-r requirements.txt (line 11))
  Using cached itsdangerous-2.2.0-py3-none-any.whl (16 kB)
Collecting jinja2>=3.1.2 (from Flask==3.1.3->-r requirements.txt (line 11))
  Using cached jinja2-3.1.6-py3-none-any.whl (134 kB)
Collecting markupsafe>=2.1.1 (from Flask==3.1.3->-r requirements.txt (line 11))
  Downloading markupsafe-3.0.3-cp313-cp313-win_amd64.whl (15 kB)
Collecting werkzeug>=3.1.0 (from Flask==3.1.3->-r requirements.txt (line 11))
  Using cached werkzeug-3.1.8-py3-none-any.whl (226 kB)
Collecting cloudpickle>=3.0 (from joblib==1.6.0->-r requirements.txt (line 12))
  Using cached cloudpickle-3.1.2-py3-none-any.whl (22 kB)
Collecting et-xmlfile (from openpyxl==3.1.5->-r requirements.txt (line 13))
  Using cached et_xmlfile-2.0.0-py3-none-any.whl (18 kB)
Collecting charset_normalizer<4,>=2 (from requests==2.34.2->-r requirements.txt (line 14))
  Downloading charset_normalizer-3.5.1-cp313-cp313-win_amd64.whl (199 kB)
Collecting idna<4,>=2.5 (from requests==2.34.2->-r requirements.txt (line 14))
  Using cached idna-3.19-py3-none-any.whl (68 kB)
Collecting urllib3<3,>=1.26 (from requests==2.34.2->-r requirements.txt (line 14))
  Using cached urllib3-2.8.0-py3-none-any.whl (135 kB)
Collecting certifi>=2023.5.7 (from requests==2.34.2->-r requirements.txt (line 14))
  Using cached certifi-2026.7.22-py3-none-any.whl (136 kB)
Collecting pycparser (from cffi>=2.0.0->cryptography==50.0.1->-r requirements.txt (line 10))
  Using cached pycparser-3.0-py3-none-any.whl (48 kB)
Collecting six>=1.5 (from python-dateutil>=2.8.2->pandas==3.0.5->-r requirements.txt (line 3))
  Using cached six-1.17.0-py2.py3-none-any.whl (11 kB)
Installing collected packages: urllib3, tzdata, threadpoolctl, six, pyparsing, PyMySQL, pycparser, pillow, packaging, numpy, narwhals, markupsafe, kiwisolver, itsdangerous, idna, fonttools, et-xmlfile, cycler, cloudpickle, click, charset_normalizer, certifi, blinker, werkzeug, scipy, requests, python-dateutil, openpyxl, joblib, jinja2, contourpy, cffi, scikit-learn, pandas, matplotlib, Flask, cryptography, seaborn

Successfully installed Flask-3.1.3 PyMySQL-1.2.0 blinker-1.9.0 certifi-2026.7.22 cffi-2.1.1 charset_normalizer-3.5.1 click-8.5.0 cloudpickle-3.1.2 contourpy-1.4.0 cryptography-50.0.1 cycler-0.12.1 et-xmlfile-2.0.0 fonttools-4.65.0 idna-3.19 itsdangerous-2.2.0 jinja2-3.1.6 joblib-1.6.0 kiwisolver-1.5.1 markupsafe-3.0.3 matplotlib-3.11.2 narwhals-2.26.0 numpy-2.5.3 openpyxl-3.1.5 packaging-26.3 pandas-3.0.5 pillow-12.3.0 pycparser-3.0 pyparsing-3.3.2 python-dateutil-2.9.0.post0 requests-2.34.2 scikit-learn-1.9.1 scipy-1.18.1 seaborn-0.13.2 six-1.17.0 threadpoolctl-3.7.0 tzdata-2026.4 urllib3-2.8.0 werkzeug-3.1.8
