从 MySQL patient_raw 读取原始数据: (768, 9)
训练集 614 条 / 测试集 154 条（8:2 分层抽样）
缺失值填充与标准化已置于 Pipeline 内，仅用训练集统计量（防泄漏）

===== LR：五折交叉验证 + 网格搜索 =====
  最优参数: {'clf__C': 1.0}
  CV-AUC = 0.8430 ± 0.0291
  测试集(阈值0.5): ACC=0.7078 P=0.6000 R=0.5000 F1=0.5455 AUC=0.8130

===== SVM：五折交叉验证 + 网格搜索 =====
  最优参数: {'clf__estimator__C': 0.5, 'clf__estimator__gamma': 0.1}
  CV-AUC = 0.8336 ± 0.0211
  测试集(阈值0.5): ACC=0.7208 P=0.6222 R=0.5185 F1=0.5657 AUC=0.8059

===== GBDT：五折交叉验证 + 网格搜索 =====
  最优参数: {'clf__learning_rate': 0.05, 'clf__max_depth': 2, 'clf__min_samples_leaf': 5, 'clf__n_estimators': 100, 'clf__subsample': 0.8}
  CV-AUC = 0.8440 ± 0.0228
  测试集(阈值0.5): ACC=0.7338 P=0.6512 R=0.5185 F1=0.5773 AUC=0.8204

CV-AUC 同档候选: ['LR', 'SVM', 'GBDT'] (最优 0.8440±0.0228)
选型结果: GBDT —— CV-AUC 统计同档（差距<1标准差），按部署需求选 GBDT：特征重要性支撑产品端贡献度展示，树模型可捕捉非线性关系

判定阈值调优（目标 OOF 召回率≥0.70）: τ=0.375 （OOF 精确率=0.658 召回率=0.7103）
部署阈值下测试集: ACC=0.7273 P=0.5968 R=0.6852 F1=0.6379 AUC=0.8204

gbdt_trees.json 纯 Python 推理一致性校验: 最大误差 3.33e-16
================================================================
model_name  accuracy  precision  recall     f1    auc  cv_auc_mean  cv_auc_std
        LR    0.7078     0.6000  0.5000 0.5455 0.8130       0.8430      0.0291
       SVM    0.7208     0.6222  0.5185 0.5657 0.8059       0.8336      0.0211
      GBDT    0.7338     0.6512  0.5185 0.5773 0.8204       0.8440      0.0228
================================================================
选型结果: GBDT；部署阈值 τ=0.375（OOF R=0.7103）
指标已写入 MySQL model_info 表，图表已输出到 web/static/img/
