从 MySQL 读取数据: (768, 9)
训练集 614 条 / 测试集 154 条（8:2 分层抽样）

===== LR：五折交叉验证 + 网格搜索 =====
  最优参数: {'clf__C': 1.0}
  CV-AUC = 0.8433 ± 0.0293
  测试集: ACC=0.7078 P=0.6000 R=0.5000 F1=0.5455 AUC=0.8130

===== SVM：五折交叉验证 + 网格搜索 =====
  最优参数: {'clf__estimator__C': 0.5, 'clf__estimator__gamma': 0.1}
  CV-AUC = 0.8334 ± 0.0211
  测试集: ACC=0.7208 P=0.6222 R=0.5185 F1=0.5657 AUC=0.8059

===== GBDT：五折交叉验证 + 网格搜索 =====
  最优参数: {'clf__learning_rate': 0.05, 'clf__max_depth': 2, 'clf__min_samples_leaf': 5, 'clf__n_estimators': 100, 'clf__subsample': 0.8}
  CV-AUC = 0.8431 ± 0.0221
  测试集: ACC=0.7338 P=0.6512 R=0.5185 F1=0.5773 AUC=0.8204


CV-AUC 同档候选: ['LR', 'SVM', 'GBDT'] (阈值 0.8433-0.0293)
========================================================
model_name  accuracy  precision  recall     f1    auc  cv_auc_mean  cv_auc_std
        LR    0.7078     0.6000  0.5000 0.5455 0.8130       0.8433      0.0293
       SVM    0.7208     0.6222  0.5185 0.5657 0.8059       0.8334      0.0211
      GBDT    0.7338     0.6512  0.5185 0.5773 0.8204       0.8431      0.0221
========================================================
选型结果: GBDT（AUC 最高），已保存 models/selected_model.pkl
指标已写入 MySQL model_info 表，图表已输出到 web/static/img/
